[    0.000 Iitializing cgroup subsys cpuset
[    0.000000] Initializing cgroup subsys cpu
[    0.00000] itlizig roup subsys cpuacct
[   000000]in verson.40-12-genri(bldd@w0am4-01) ccersio 5.001069 butu5..0ubnt~1.04.5) ) 35-Ubuntu SMP Fr Jan 19 11:48:36 UTC 2018 (Ubuntu 44.0-112.135-generic 4.4.98)
[   00000 Commad line: BOOT_IMAGE=/boot/vmlinu-4.0112-nec oot=LABEL=cloudimg-rootfsroconsole=tty1 console=ttyS0
[    0.000000] KERNEL supporte cpus:
[    0.000000]   IntelGenuineInel
[    0.000000]   AMD AuthenticAMD
[    0.000000]  Cetar CentaurHauls
[    0.000000] x86/fpu: xstate_offet[2]:  576, xstate_sizes[2]:  256
[    0.000000] x86/fpu: Supportig XSAV feaur0x1: '87 floating point registers'
[    0.000000] x86/fpu: Supporting XSAVE feature 0x02: 'SSE registers'
[    0.00000] x86/fpu: Supportin XSAVE feature 0x04: 'AVX registers'
[    0.000000] x86/fpu: Enabled xstate features 0x7, context size is 832 bytes, using 'standard' format.
[    0.000000] x86/fpu: Using 'lazy' FPU context switches.
[    0.000000] e820: BIOS-provided physical RAM map:
[    0.000000] BIOS-e820: [mem 0x0000000000000000-0x000000000009fbff] usable
[    0.000000] BIOS-e820: [mem 0x000000000009fc00-0x000000000009ffff] reserved
[    0.000000] BIOS-e820: [mem 0x00000000000f0000-0x00000000000fffff] reserved
[    0.000000] BIOS-e820:[mem 000000000010000-0x000000005ffeffff] usable
[    0.000000] BIOS-e820: [mem 0x000000005fff0000-0x000000005fffffff] ACPI data
[    0.000000] BIOS-e820: [mem 0x00000000fec00000-0x00000000fec00fff] reserved
[    0.000000] BIOS-e820: [mem 0x00000000fee00000-0x00000000fee00fff] reserved
[   0.000000] BIOS-e820: [mem 0x00000000fffc0000-0x00000000ffffffff] reserved
[    0.000000] NX (Execute Disable) protection: active
[    0.000000] SMBIOS 2.5 present.
[    0.000000] Hypervisor detected: KVM
[    0.000000] e820: last_pfn = 0x5fff0 max_arch_pfn = 0x400000000
[    0.000000] MTRR: Disabled
[    0.000000] x86/PAT: MTRRs disabled, skipping PAT initialization too.
[    0.000000] CPU MTRRs all blank - virtualized system.
[    0.000000] x86/PAT: Configuration [0-7]: WB  WT  UC- UC  WB  WT  UC- UC  
[    0.000000] found SMP MP-table at [mem 0x0009fff0-0x0009ffff] mapped at [ffff88000009fff0]
[    0.000000] Scanning 1 areas for low memory corruption
[    0.000000] RAMDISK: [mem 0x36adc000-0x37565fff]
[    0.000000] ACPI: Early table checksum verification disabled
[    0.000000] ACPI: RSDP 0x00000000000E0000 000024 (v02 VBOX  )
[    0.000000] ACPI: XSDT 0x000000005FFF0030 00003C (v01 VBOX   VBOXXSDT 00000001 ASL  00000061)
[    0.000000] ACPI: FACP 0x000000005FFF00F0 0000F4 (v04 VBOX   VBOXFACP 00000001 ASL  00000061)
[    0.000000] ACPI: DSDT 0x000000005FFF0470 0021FF (v02 VBOX   VBOXBIOS 00000002 INTL 20100528)
[    0.000000] ACPI: FACS 0x000000005FFF0200 000040
[    0.000000] ACPI: FACS 0x000000005FFF0200 000040
[    0.000000] ACPI: APIC 0x000000005FFF0240 00005C (v02 VBOX   VBOXAPIC 00000001 ASL  00000061)
[    0.000000] ACPI: SSDT 0x000000005FFF02A0 0001CC (v01 VBOX   VBOXCPUT 00000002 INTL 20100528)
[    0.000000] No NUMA configuration found
[    0.000000] Faking a node at [mem 0x0000000000000000-0x000000005ffeffff]
[    0.000000] NODE_DATA(0) allocated [mem 0x5ffeb000-0x5ffeffff]
[    0.000000] kvm-clock: Using msrs4b6401an 4b56400[   0.000000] kvm-clock: cpu  m 0:5ffe3001, primary cpu clock
[    0.000000] kvm-clock: using sche offset of 2930253942 cycles
[    0.000000] clocksource: kvm-clock: mask: 0xffffffffffffffff max_cycles: 0x1cd42e4dffb, max_idle_ns: 881590591483 ns
[    0.000000] Zone ranges:
[    0.000]   DMA      [mem 0x0000000000001000-0x0000000000ffffff]
[    0.000000]   DMA32    [mem 0x0000000001000000-0x000000005ffeffff]
[   0.00000]   Normal   empty
[    0.000000]   Deic  pt
[    0.000000] Movable zone start for each node
[    0.000000] Early meor ne anges
[  000000  od  : [me0x000000010-x0000000009ef]
[  0.000] ne 0: [emx000000001000x00000ffeffff]
[   00000] itemsetu ne [mm 0x00000000000-x000000005ffeffff]
[   00000 APIPMim IO Port: 0x4008
[    0.000000] IOAPIC[0]: icid2,vesion2,ddess 0fec00 GSI0-3[   00000ACI: IT_C_R (b 0usirq 0 lol_q  df d)[  0000] ACPI I_SRC_R (bu0 s_q 9 glalir9 lo level)[    0.000000] Using ACPI (MADT) for SMP configuraton foation
[   0.000000] smpboot: Allowing 2 CPUs, 0 hotplug CPUs
[    0.000000] PM: Registered nosave memory: [mem 0x00000000-0x00000fff]
[    0.000000] PM: Registered nosave memory: [mem 0x0009f000-0x0009ffff]
[    0.000000] PM: Registered nosave memory: [mem 0x000a0000-0x000effff]
[    0.000] PM: Regiserd sae memory: [mem 0x000f0000-0x000fffff]
[    0.000000] e820: [mem 0x60000000-0xfebfffff] available for PCI devices
[    0.000000] Booting paravirtualized kern o K
[    .0000]clksource: refined-jiffiees: mask: 0xffffffff max_cycles: 0xffffffff, max_idle_ns: 7645519600211568 ns
[    0.000000] setup_percpu: NR_CPUS:512 nr_cpumask_bits:512 nr_cpu_ids:2 nr_node_ids:
  0.00000 PCP Embedded 34 pages/cpu @ffff88005fc00000 s99544 r8192 d31528 u1048576
[    0.000] V qsinckash table entries: 256 orr:0, 4096 byte)
[   00000]But zonelists in Nderd, moily oupig . otl pages: 386937
[    0.000000] Policy zone: DMA32
[    0.000000] Kernel command line: BOOT_IMAGE=/boot/vmlinuz-4.4.0-112-generic root=LABEL=cloudimg-rootfs ro console=tty1 console=ttyS0
[    0.000000] PID hash table entries: 4096 (order: 3, 32768 bytes)
[    0.000000] Memory: 1517836K/1572408K available (8499K kernel code, 1309K rwdata, 3988K rodata, 1508K init, 1316K bss, 54572K reserved, 0K cma-reserved)
[    0.000000] SLUB: HWalign=64, Order=0-3, MinObjects=0, CPUs, od=1
[  00000] rnl/Usr pa tleisolti: able
    0.000000] Hierarchical R ilementaon
   0.000 	uildti ajutmenoflef anouto4.
[   .000000] 	RCU restricting CPUs from NR_CPUS=512 to nr_cpu_ids=2.
[    0.000000] RCU: Adjusting geomeryorrcu_fanout_leaf=6 ncp_is=2  0.0000 NIRS:3304 r_qs440 16
[    0.000000] Consol: lo VA+ 8025[  0.000 cnsol[t1]enabd[    0.00] onsolett0]enabd    0.000000] tsc: Detected 3500.000 MHz processor
[    5.281208] Calibrating delay loop (skipped) preset value.. 7000.00 BogoMIPS (lpj=14000000)
[    5.298953] pid_max: default: 32768 minimum: 301
[    5.299549] ACPI: Core revision 20150930
[    5.300769] ACPI: 2 ACPI AML tables successfully acquired and loaded
[    5.301721] Security Framework initialized
[    5.302271] Yama: becoming mindful.
[    5.302776] AppArmor: AppArmor initialized
[    5.303797] Dentry cache hash table entries: 262144 (order: 9, 2097152 bytes)
[    5.346343] Inode-cache hash table entries: 131072 (order: 8, 1048576 bytes)
[    5.347652] Mount-cache hash table entries: 4096 (order: 3, 32768 bytes)
[    5.348439] Mountpoint-cache hash table entries: 4096 (order: 3, 32768 bytes)
[    5.383516] Initializing cgroup subsys io
[    5.384062] Initializing cgroup subsys memory
[    5.384633] Initializing cgroup subsys devices
[    5.385221] Initializing cgroup subsys freezer
[    5.385797] Initializing cgroup subsys net_cls
[    5.386379] Initializing cgroup subsys perf_event
[    5.386977] Initializing cgroup subsys net_prio
[    5.387560] Initializing cgroup subsys hugetlb
[    5.388134] Initializing cgroup subsys pids
[    5.388742] CPU: Physical Processor ID: 0
[    5.389292] CPU: Processor Core ID: 0
[    5.389806] FEATURE SPEC_CTRL Not Present
[    5.515471] mce: CPU supports 0 MCE banks
[    5.516028] Last level iTLB entries: 4KB 1024, 2MB 1024, 4MB 1024
[    5.523662] Last level dTLB entries: 4KB 1024, 2MB 1024, 4MB 1024, 1GB 4
[    5.525852] Freeing SMP alternatives memory: 32K
[    5.532210] ftrace: allocating 32180 entries in 126 pages
[    5.562136] smpboot: APIC(0) Converting physical 0 to logical package 0
[    5.611934] smpboot: Max logical packages: 1
[    5.710394] x2apic enabled
[    5.748485] Switched APIC routing to physical x2apic.
[    5.879911] ..TIMER: vector=0x30 apic1=0 pin1=2 apic2=-1 pin2=-1
[    6.181567] smpboot: CPU0: Intel(R) Core(TM) i5-4690K CPU @ 3.50GHz (family: 0x6, model: 0x3c, stepping: 0x3)
[    6.220839] Performance Events: unsupported p6 CPU model 60 no PMU driver, software events only.
[    6.274772] KVM setup paravirtual spinlock
[    6.384881] x86: Booting SMP configuration:
[    6.410527] .... node  #0, CPUs:      #1
[    6.411161] kvm-clock: cpu 1, msr 0:5ffe3041, secondary cpu clock
[    6.412419] mce: CPU supports 0 MCE banks
[    6.414748] x86: Booted up 1 node, 2 CPUs
[    6.419344] smpboot: Total of 2 processors activated (14000.00 BogoMIPS)
[    6.420445] devtmpfs: initialized
[    6.422623] evm: security.selinux
[    6.423105] evm: security.SMACK64
[    6.423587] evm: security.SMACK64EXEC
[    6.424094] evm: security.SMACK64TRANSMUTE
[    6.424634] evm: security.SMACK64MMAP
[    6.425141] evm: security.ima
[    6.425592] evm: security.capability
[    6.426237] clocksource: jiffies: mask: 0xffffffff max_cycles: 0xffffffff, max_idle_ns: 7645041785100000 ns
[    6.442081] futex hash table entries: 512 (order: 3, 32768 bytes)
[    6.442904] pinctrl core: initialized pinctrl subsystem
[    6.443630] RTC time:  6:11:07, date: 02/06/18
[    6.453461] NET: Registered protocol family 16
[    6.466444] cpuidle: using governor ladder
[    6.477998] cpuidle: using governor menu
[    6.480269] PCCT header not found.
[    6.480794] ACPI: bus type PCI registered
[    6.490123] acpiphp: ACPI Hot Plug PCI Controller Driver version: 0.5
[    6.490977] PCI: Using configuration type 1 for base access
[    6.503027] ACPI: Added _OSI(Module Device)
[    6.608028] ACPI: Added _OSI(Processor Device)
[    6.608609] ACPI: Added _OSI(3.0 _SCP Extensions)
[    6.609218] ACPI: Added _OSI(Processor Aggregator Device)
[    6.610386] ACPI: Executed 1 blocks of module-level executable AML code
[    6.612561] ACPI: Interpreter enabled
[    6.613074] ACPI: (supports S0 S5)
[    6.613566] ACPI: Using IOAPIC for interrupt routing
[    6.685303] PCI: Using host bridge windows from ACPI; if necessary, use "pci=nocrs" and report a bug
[    6.688817] ACPI: PCI Root Bridge [PCI0] (domain 0000 [bus 00-ff])
[    6.801447] acpi PNP0A03:00: _OSC: OS supports [ASPM ClockPM Segments MSI]
[    6.802278] acpi PNP0A03:00: _OSC: not requesting OS control; OS requires [ExtendedConfig ASPM ClockPM MSI]
[    6.887045] acpi PNP0A03:00: fail to add MMCONFIG information, can't access extended PCI configuration space under this bridge.
[    6.949412] PCI host bridge to bus 0000:00
[    7.031853] pci_bus 0000:00: root bus resource [io  0x0000-0x0cf7 window]
[    7.032659] pci_bus 0000:00: root bus resource [io  0x0d00-0xffff window]
[    7.051425] pci_bus 0000:00: root bus resource [mem 0x000a0000-0x000bffff window]
[    7.052460] pci_bus 0000:00: root bus resource [mem 0x60000000-0xfdffffff window]
[    7.053458] pci_bus 0000:00: root bus resource [bus 00-ff]
[    7.055362] pci 0000:00:01.1: legacy IDE quirk: reg 0x10: [io  0x01f0-0x01f7]
[    7.057739] pci 0000:00:01.1: legacy IDE quirk: reg 0x14: [io  0x03f6]
[    7.058500] pci 0000:00:01.1: legacy IDE quirk: reg 0x18: [io  0x0170-0x0177]
[    7.069078] pci 0000:00:01.1: legacy IDE quirk: reg 0x1c: [io  0x0376]
[    7.084560] pci 0000:00:07.0: quirk: [io  0x4000-0x403f] claimed by PIIX4 ACPI
[    7.098863] pci 0000:00:07.0: quirk: [io  0x4100-0x410f] claimed by PIIX4 SMB
[    7.220582] ACPI: PCI Interrupt Link [LNKA] (IRQs 5 9 10 *11)
[    7.330890] ACPI: PCI Interrupt Link [LNKB] (IRQs 5 9 *10 11)
[    7.466518] ACPI: PCI Interrupt Link [LNKC] (IRQs 5 *9 10 11)
[    7.614255] ACPI: PCI Interrupt Link [LNKD] (IRQs 5 9 10 *11)
[    7.709760] ACPI: Enabled 2 GPEs in block 00 to 07
[    7.714948] vgaarb: setting as boot device: PCI:0000:00:02.0
[    7.767381] vgaarb: device added: PCI:0000:00:02.0,decodes=io+mem,owns=io+mem,locks=none
[    7.993452] vgaarb: loaded
[    8.015340] vgaarb: bridge control possible 0000:00:02.0
[    8.183392] SCSI subsystem initialized
[    8.202189] ACPI: bus type USB registered
[    8.230308] usbcore: registered new interface driver usbfs
[    8.354350] usbcore: registered new interface driver hub
[    8.366431] usbcore: registered new device driver usb
[    8.500035] PCI: Using ACPI for IRQ routing
[    8.613268] NetLabel: Initializing
[    8.705704] NetLabel:  domain hash size = 128
[    8.756985] NetLabel:  protocols = UNLABELED CIPSOv4
[    8.797793] NetLabel:  unlabeled traffic allowed by default
[    8.964806] amd_nb: Cannot enumerate AMD northbridges
[    9.120969] clocksource: Switched to clocksource kvm-clock
[    9.21645 AArorApArr lest Ebl
  9.238]npPnAC it  9.2628] pnp: PnP ACPIfound 3dece

[   10.203337] clocksource: acpi_pm: mask: 0xffffff max_cycles: 0xffffff, max_idle_ns: 2085701024 ns
[   10.259106] NET: Registered protocol family 2
[   10.269513] TCP established hash table entries: 16384 (order: 5, 131072 bytes)
[   10.415699] TCP bind hash table entries: 16384 (order: 6, 262144 bytes)
[   10.486434] TCP: Hash tables configured (established 16384 bind 16384)
[   10.487227] UDP hash table entries: 1024 (order: 3, 32768 bytes)
[   10.494124] UDP-Lite hash table entries: 1024 (order: 3, 32768 bytes)
[   10.680652] NET: Registered protocol family 1
[   10.731686] pci 0000:00:00.0: Limiting direct PCI/PCI transfers
[   10.733796] pci 0000:00:01.0: Activating ISA DMA hang workarounds
[   10.734627] Unpacking initramfs...
[   12.023775] Freeing initrd memory: 10792K
[   12.129009] RAPL PMU detected, API unit is 2^-32 Joules, 4 fixed counters 10737418240 ms ovfl timer
[   12.403720] hw unit of domain pp0-core 2^-0 Joules
[   12.435624] hw unit of domain package 2^-0 Joules
[   12.539950] hw unit of domain dram 2^-0 Joules
[   12.540553] hw unit of domain pp1-gpu 2^-0 Joules
[   12.551719] platform rtc_cmos: registered platform RTC device (no PNP device found)
[   12.564577] Scanning for low memory corruption every 60 seconds
[   12.565635] audit: initializing netlink subsys (disabled)
[   12.588435] audit: type=2000 audit(1517897469.308:1): initialized
[   12.641825] Initialise system trusted keyring
[   12.674993] HugeTLB registered 2 MB page size, pre-allocated 0 pages
[   12.70207] zbud: loaded

[   12.726169] VFS: Disk quotas dquot_6.6.0
[   12.733078] VFS: Dquot-cache hash table entries: 512 (order 0, 4096 bytes)
[   12.735067] squashfs: version 4.0 (2009/01/31) Phillip Lougher
[   12.737163] fuse init (API version 7.23)
[   12.740040] Key type big_key registered
[   12743986] Allocating IMA MOK and blacklist keyrings.
[   12.776046] Key type asymmetric registered
[   12.813635] Asymmetric key parser 'x509' registered
[   12.834439] Block layer SCSI generic (bsg) driver version 0.4 loaded (major 249)
[   12.845459] io scheduler noop registered
[   12.854737] io scheduler deadline registered (default)
[   12.871249] io scheduler cfq registered
[   12.871847] pci_hotplug: PCI Hot Plug PCI Core version: 0.5
[   12.872529] pciehp: PC Ere Ht lugCotroller Driver version: 0.4
[  1062966] ACPI: AC Adapter [AC] (on-line)
[  1122298] input: ow Btoasdece/LSYM:/LNXPWRBN:00/input/input0
[   13.550227] ACPI: Power Button [PWRF]
[   13.550807] input: Sleep Button as /devices/LNXSYSTM:00/LNXSLPBN:00/input/input
  3.358] c:efedSClosource calibratio: 352.10Hz
[  13.55353]losocets mk:xffffffff max_cycles: 0x327b1a42a1c, max_idle_ns: 440795243107 ns

[   14.508125] ACPI: Sleep Button [SLPF]
[   14.509030] GHES: HEST is not enabled!
[   14.509836]Serial: 8250/16550 driver, 32 ports, IRQ sharing enabled
[   14.589356] 00:02: ttyS0 at I/O 0x3f8 (irq = 4, base_baud = 115200) is a 16550A
[   14.615082] Linux agpgart interface v0.103
[   14.628729] loop: module loaded
[   14.645875] scsi host0: ata_piix
[   14.674175] scsi host1: ata_piix
[   14.674678] ata1: PATA max UDMA/33 cmd 0x1f0 ctl 0x3f6 bmdma 0xd000 irq 14
[   14.675470] ata2: PATA max UDMA/33 cmd 0x170 cl 37bma d0 iq 5
[   14.944589] libphy: Fixd MDIO Bus: probed
[   14.965703] tun: Universal TUN/TAP dvi diver,1.6
[   15.098142] tun:(C) 1999-2004 Max Krasnyansy axquco.cm>

[   15.336573] PPP generic driver version 2.4.2
[   15.416392] ehci_hcd: USB 2.0 'Enhanced' Host Controller (EHCI) Driver
[   15.617595] ehci-pci: EHCI PCI platform driver
[   15.730878] ehci-platform: EHCI generic platform driver
[   15.750766] ohci_hcd: USB 1.1 'Open' Host Controller (OHCI) Driver
[   15.872459] ohci-pci: OHCI PCI platform driver
[   15.932048] ohci-platform: OHCI generic platform driver
[   16.059078] uhci_hcd: USB Universal Host Controller Interface driver
[   16.059906] i8042: PNP: PS/2 Controller [PNP0303:PS2K,PNP0f03:PS2M] at 0x60,0x64 irq 1,12
[   16.061346] serio: i8042 KBD port at 0x60,0x64 irq 1
[   16.106803] serio: i8042 AUX port at 0x60,0x64 irq 12
[   16.220222] mousedev: PS/2 mouse device common for all mice
[   16.401187] rtc_cmos rtc_cmos: rtc core: registered rtc_cmos as rtc0
[   16.622642] input: AT Translated Set 2 keyboard as /devices/platform/i8042/serio0/input/input2
[   16.884464] rtc_cmos rtc_cmos: alarms up to one day, 114 bytes nvram
[   17.065916] i2c /dev entries driver
[   .167 dicmaeruentveion 0.

[   17.627650] device-mapper: ioctl: 4.34.0-ioctl (2015-10-28) initialised: dm-devel@redhat.com
[   17.848526] ledtrig-cpu: registered to indicate activity on CPUs
[   17.882248] NET: Registered protocol family 10
[   17.937959] NET: Registered protocol family 17
[   18.066097] Key type dns_resolver registered
[   18.098437] microcode: CPU0 sig=0x306c3, pf=0x40, revision=0x0
[   18.162701] microcode: CPU1 sig=0x306c3, pf=0x40, revision=0x0
[   18.207473] microcode: Microcode Update Driver: v2.01 <tigran@aivazian.fsnet.co.uk>, Peter Oruba
[   18.208694] registered taskstats version 1
[   18.215608] Loading compiled-in X.509 certificates
[   18.276404] Loaded X.509 cert 'Build time autogenerated kernel key: 4c603087bab8f0a02cb3b4e1fb4c40f507e71ef1'
[   18.524265] zswap: loaded using pool lzo/zbud
[   18.599998] Key type trusted registered
[   18.676092] Key type encrypted registered
[   18.717554] AppArmor: AppArmor sha1 policy hashing enabled
[   18.718247] ima: No TPM chip found, activating TPM-bypass!
[   18.718948] evm: HMAC attrs: 0x1
[   18.719646]   Magic number: 6:674:164
[   18.720252] rtc_cmos rtc_cmos: setting system clock to 2018-02-06 06:11:19 UTC (1517897479)
[   18.751422] BIOS EDD facility v0.16 2004-Jun-25, 0 devices found
[   18.752158] EDD information not available.
[   18.768235] Freeing unused kernel memory: 1508K
[   18.768840] Write protecting the kernel read-only data: 14336k
[   18.769888] Freeing unused kernel memory: 1728K
[   18.770681] Freeing unused kernel memory: 108K
Loading, please [   18.780638] random: systemd-udevd: uninitialized urandom read (16 bytes read, 4 bits of entropy available)
wait...
starting version 229
[   18.781039] random: udevadm: uninitialized urandom read (16 bytes read, 4 bits of entropy available)
[   18.781116] random: udevadm: uninitialized urandom read (16 bytes read, 4 bits of entropy available)
[   18.788567] random: udevadm: uninitialized urandom read (16 bytes read, 4 bits of entropy available)
[   18.788600] random: udevadm: uninitialized urandom read (16 bytes read, 4 bits of entropy available)
[   18.788711] random: udevadm: uninitialized urandom read (16 bytes read, 4 bits of entropy available)
[   18.788753] random: udevadm: uninitialized urandom read (16 bytes read, 4 bits of entropy available)
[   18.788796] random: udevadm: uninitialized urandom read (16 bytes read, 4 bits of entropy available)
[   18.788838] random: udevadm: uninitialized urandom read (16 bytes read, 4 bits of entropy available)
[   18.788878] random: udevadm: uninitialized urandom read (16 bytes read, 4 bits of entropy available)
[   18.996066] Fusion MPT base driver 3.04.20
[   19.078813] Copyright (c) 1999-2008 LSI Corporation
[   19.095377] AVX2 version of gcm_enc/dec engaged.
[   19.118971] AES CTR mode by8 optimization enabled
[   19.119633] e1000: Intel(R) PRO/1000 Network Driver - version 7.3.21-k8-NAPI
[   19.120460] e1000: Copyright (c) 1999-2006 Intel Corporation.
[   19.126856] Fusion MPT SPI Host driver 3.04.20
[   19.283955] input: ImExPS/2 Generic Explorer Mouse as /devices/platform/i8042/serio1/input/input4
[   19.532574] e1000 0000:00:03.0 eth0: (PCI:33MHz:32-bit) 02:1f:2a:60:99:e3
[   19.716488] e1000 0000:00:03.0 eth0: Intel(R) PRO/1000 Network Connection
[   19.882562] e1000 0000:00:03.0 enp0s3: renamed from eth0
[   20.039946] mptbase: ioc0: Initiating bringup
[   20.233110] ioc0: LSI53C1030 A0: Capabilities={Initiator}
[   20.519168] scsi host2: ioc0: LSI53C1030 A0, FwRev=00000000h, Ports=1, MaxQ=256, IRQ=20
[   20.929866] scsi 2:0:0:0: Direct-Access     VBOX     HARDDISK         1.0  PQ: 0 ANSI: 5
[   21.209691] scsi target2:0:0: Beginning Domain Validation
[   21.387842] scsi target2:0:0: Domain Validation skipping write tests
[   21.397973] scsi target2:0:0: Ending Domain Validation
[   21.481668] scsi target2:0:0: asynchronous
[   21.503244] scsi 2:0:1:0: Direct-Access     VBOX     HARDDISK         1.0  PQ: 0 ANSI: 5
[   21.655271] scsi target2:0:1: Beginning Domain Validation
[   21.657048] scsi target2:0:1: Domain Validation skipping write tests
[   21.659072] scsi target2:0:1: Ending Domain Validation
[   21.659768] scsi target2:0:1: asynchronous
[   21.663782] sd 2:0:0:0: Attached scsi generic sg0 type 0
[   21.664032] sd 2:0:0:0: [sda] 20971520 512-byte logical blocks: (10.7 GB/10.0 GiB)
[   21.664101] sd 2:0:0:0: [sda] Write Protect is off
[   21.664145] sd 2:0:0:0: [sda] Incomplete mode parameter data
[   21.664146] sd 2:0:0:0: [sda] Assuming drive cache: write through
[   21.665960]  sda: sda1
[   21.666412] sd 2:0:0:0: [sda] Attached SCSI disk
[   21.676390] sd 2:0:1:0: Attached scsi generic sg1 type 0
[   21.676491] sd 2:0:1:0: [sdb] 20480 512-byte logical blocks: (10.5 MB/10.0 MiB)
[   21.676573] sd 2:0:1:0: [sdb] Write Protect is off
[   21.676616] sd 2:0:1:0: [sdb] Incomplete mode parameter data
[   21.676617] sd 2:0:1:0: [sdb] Assuming drive cache: write through
[   21.678124] sd 2:0:1:0: [sdb] Attached SCSI disk
[   22.085308] floppy0: no floppy controllers found
Begin: Loading e[   23.851193] md: linear personality registered for level -1
ssential drivers[   24.032602] md: multipath personality registered for level -4
 ... [   24.209566] md: raid0 personality registered for level 0
[   24.389428] md: raid1 personality registered for level 1
[   24.574307] raid6: sse2x1   gen() 12164 MB/s
[   24.761819] raid6: sse2x1   xor()  9453 MB/s
[   24.853622] raid6: sse2x2   gen() 15540 MB/s
[   25.013792] raid6: sse2x2   xor() 10476 MB/s
[   25.165170] raid6: sse2x4   gen() 17199 MB/s
[   25.349734] raid6: sse2x4   xor() 12265 MB/s
[   25.541169] raid6: avx2x1   gen() 22944 MB/s
[   25.661303] raid6: avx2x2   gen() 26545 MB/s
[   25.857598] raid6: avx2x4   gen() 31477 MB/s
[   25.878619] raid6: using algorithm avx2x4 gen() 31477 MB/s
[   25.879297] raid6: using avx2x2 recovery algorithm
[   25.996844] xor: automatically using best checksumming function:
[   26.157427]    avx       : 26308.000 MB/sec
[   26.265062] async_tx: api initialized (async)
[   26.315237] md: raid6 personality registered for level 6
[   26.334815] md: raid5 personality registered for level 5
[   26.335476] md: raid4 personality registered for level 4
[   26.340339] md: raid10 personality registered for level 10
done.
Begin: Running /scripts/init-premount ... done.
Begin: Mounting root file system ... Begin: Running /scripts/local-top ... done.
Begin: Running /scripts/local-premount ... [   26.382720] Btrfs loaded
Scanning for Btrfs filesystems
done.
Warning: fsck not present, so skipping root file system
[   26.416227] EXT4-fs (sda1): INFO: recovery required on readonly filesystem
[   26.417042] EXT4-fs (sda1): write access will be enabled during recovery
[   26.443099] EXT4-fs (sda1): recovery complete
[   26.463046] EXT4-fs (sda1): mounted filesystem with ordered data mode. Opts: (null)
done.
Begin: Running /scripts/local-bottom ... done.
Begin: Running /scripts/init-bottom ... done.
[   26.542198] systemd[1]: systemd 229 running in system mode. (+PAM +AUDIT +SELINUX +IMA +APPARMOR +SMACK +SYSVINIT +UTMP +LIBCRYPTSETUP +GCRYPT +GNUTLS +ACL +XZ -LZ4 +SECCOMP +BLKID +ELFUTILS +KMOD -IDN)
[   26.639352] systemd[1]: Detected virtualization oracle.
[   26.640015] systemd[1]: Detected architecture x86-64.

Welcome to [1mUbuntu 16.04.3 LTS[0m!

[   26.657616] systemd[1]: Set hostname to <ubuntu-xenial>.
[   26.841612] systemd[1]: Reached target User and Group Name Lookups.
[[0;32m  OK  [0m] Reached target User and Group Name Lookups.
[   27.099641] systemd[1]: Listening on /dev/initctl Compatibility Named Pipe.
[[0;32m  OK  [0m] Listening on /dev/initctl Compatibility Named Pipe.
[   27.377588] systemd[1]: Reached target System Time Synchronized.
[[0;32m  OK  [0m] Reached target System Time Synchronized.
[   27.541310] systemd[1]: Listening on Syslog Socket.
[[0;32m  OK  [0m] Listening on Syslog Socket.
[   27.691715] systemd[1]: Listening on udev Kernel Socket.
[[0;32m  OK  [0m] Listening on udev Kernel Socket.
[   27.718282] systemd[1]: Created slice System Slice.
[[0;32m  OK  [0m] Created slice System Slice.
[   27.744545] systemd[1]: Listening on Journal Socket.
[[0;32m  OK  [0m] Listening on Journal Socket.
[   27.777553] systemd[1]: Mounting Debug File System...
         Mounting Debug File System...
[   27.792040] systemd[1]: Mounting POSIX Message Queue File System...
         Mounting POSIX Message Queue File System...
[   27.804130] systemd[1]: Starting Load Kernel Modules...
[   27.838122] Loading iSCSI tranor css v.070

         Startin[   28.045718] iscsi: registered transport (tcp)
g Load Kernel Modules...
[   28.192262] iscsi: registered transport (iser)
[   29.033069] systemd[1]: Mounting Huge Pages File System...
         Mounting Huge Pages File System...
[   29.169275] systemd[1]: Set up automount Arbitrary Executable File Formats File System Automount Point.
[[0;32m  OK  [0m] Set up automount Arbitrary Executab...ats File System Automount Point.
[   29.348012] random: nonblocking pool is initialized
[   29.474896] systemd[1]: Created slice User and Session Slice.
[[0;32m  OK  [0m] Created slice User and Session Slice.
[   29.583327] systemd[1]: Listening on LVM2 poll daemon socket.
[[0;32m  OK  [0m] Listening on LVM2 poll daemon socket.
[   29.617495] systemd[1]: Listening on Device-mapper event daemon FIFOs.
[[0;32m  OK  [0m] Listening on Device-mapper event daemon FIFOs.
[   29.630012] systemd[1]: Starting Uncomplicated firewall...
         Starting Uncomplicated firewall...
[   29.633371] systemd[1]: Listening on Journal Socket (/dev/log).
[[0;32m  OK  [0m] Listening on Journal Socket (/dev/log).
[   29.639364] systemd[1]: Starting Nameserver information manager...
         Starting Nameserver information manager...
[   29.653825] systemd[1]: Started Trigger resolvconf update for networkd DNS.
[[0;32m  OK  [0m] Started Trigger resolvconf update for networkd DNS.
[   29.657348] systemd[1]: Reached target Slices.
[[0;32m  OK  [0m] Reached target Slices.
[   29.669832] systemd[1]: Starting Set console keymap...
         Starting Set console keymap...
[   29.853425] systemd[1]: Started Forward Password Requests to Wall Directory Watch.
[[0;32m  OK  [0m] Started Forward Password Requests to Wall Directory Watch.
[   29.934306] systemd[1]: Created slice system-serial\x2dgetty.slice.
[[0;32m  OK  [0m] Created slice system-serial\x2dgetty.slice.
[   30.000821] systemd[1]: Listening on udev Control Socket.
[[0;32m  OK  [0m] Listening on udev Control Socket.
[   30.045146] systemd[1]: Starting Remount Root and Kernel File Systems...
[   30.048557] EXT4-fs (sda1): re-mounted. Opts: (null)
         Starting Remount Root and Kernel File Systems...
[   30.185165] systemd[1]: Starting Create list of required static device nodes for the current kernel...
         Starting Create list of required st... nodes for the current kernel...
[   30.438446] systemd[1]: Listening on LVM2 metadata daemon socket.
[[0;32m  OK  [0m] Listening on LVM2 metadata daemon socket.
[   30.469161] systemd[1]: Reached target Encrypted Volumes.
[[0;32m  OK  [0m] Reached target Encrypted Volumes.
[   30.753117] systemd[1]: Starting Monitoring of LVM2 mirrors, snapshots etc. using dmeventd or progress polling...
         Starting Monitoring of LVM2 mirrors... dmeventd or progress polling...
[   31.137515] systemd[1]: Reached target Swap.
[[0;32m  OK  [0m] Reached target Swap.
[   31.305548] systemd[1]: Created slice system-postgresql.slice.
[[0;32m  OK  [0m] Created slice system-postgresql.slice.
[   31.553762] systemd[1]: Listening on Journal Audit Socket.
[[0;32m  OK  [0m] Listening on Journal Audit Socket.
[   31.817427] systemd[1]: Starting Journal Service...
         Starting Journal Service...
[   31.945965] systemd[1]: Mounted Huge Pages File System.
[[0;32m  OK  [0m] Mounted Huge Pages File System.
[   32.014299] systemd[1]: Mounted Debug File System.
[[0;32m  OK  [0m] Mounted Debug File System.
[   32.197978] systemd[1]: Mounted POSIX Message Queue File System.
[[0;32m  OK  [0m] Mounted POSIX Message Queue File System.
[   32.462098] systemd[1]: Started Journal Service.
[[0;32m  OK  [0m] Started Journal Service.
[[0;32m  OK  [0m] Started Load Kernel Modules.
[[0;32m  OK  [0m] Started Uncomplicated firewall.
[[0;32m  OK  [0m] Started Set console keymap.
[[0;32m  OK  [0m] Started Remount Root and Kernel File Systems.
[[0;32m  OK  [0m] Started Create list of required sta...ce nodes for the current kernel.
[[0;32m  OK  [0m] Started Nameserver information manager.
[[0;32m  OK  [0m] Started LVM2 metadata daemon.
         Starting Create Static Device Nodes in /dev...
         Starting Initial cloud-init job (pre-networking)...
         Starting udev Coldplug all Devices...
         Starting Load/Save Random Seed...
         Starting Apply Kernel Variables...
         Mounting FUSE Control File System...
         Starting Flush Journal to Persistent Storage...
[[0;32m  OK  [0m] Mounted FUSE Control File System.
[[0;32m  OK  [0m] Started Create Static Device Nodes in /dev.
[[0;32m  OK  [0m] Started Load/Save Random Seed.
[[0;32m  OK  [0m] Started Apply Kernel Variables.
[[0;32m  OK  [0m] Started Flush Journal to Persistent Storage.
         Starting udev Kernel Device Manager...
[[0;32m  OK  [0m] Started udev Coldplug all Devices.
[[0;32m  OK  [0m] Started udev Kernel Device Manager.
[[0;32m  OK  [0m] Started Dispatch Password Requests to Console Directory Watch.
[[0;32m  OK  [0m] Started Monitoring of LVM2 mirrors,...ng dmeventd or progress polling.
[[0;32m  OK  [0m] Reached target Local File Systems (Pre).
[[0;32m  OK  [0m] Reached target Local File Systems.
         Starting Tell Plymouth To Write Out Runtime Data...
         Starting Set console font and keymap...
         Starting LSB: AppArmor initialization...
         Starting Create Volatile Files and Directories...
[[0;32m  OK  [0m] Started Tell Plymouth To Write Out Runtime Data.
[[0;32m  OK  [0m] Started Create Volatile Files and Directories.
[[0;32m  OK  [0m] Found device /dev/ttyS0.
         Starting Update UTMP about System Boot/Shutdown...
[[0;32m  OK  [0m] Started Update UTMP about System Boot/Shutdown.
[[0;32m  OK  [0m] Started Set console font and keymap.
[[0;32m  OK  [0m] Created slice system-getty.slice.
[[0;32m  OK  [0m] Started LSB: AppArmor initialization.
[[0;32m  OK  [0m] Listening on Load/Save RF Kill Switch Status /dev/rfkill Watch.
[[0;32m  OK  [0m] Found device 82540EM Gigabit Ethern...r (PRO/1000 MT Desktop Adapter).
[   24.790706] cloud-init[458]: Cloud-init v. 17.1 running 'init-local' at Tue, 06 Feb 2018 06:11:34 +0000. Up 24.51 seconds.
[[0;32m  OK  [0m] Started Initial cloud-init job (pre-networking).
[[0;32m  OK  [0m] Reached target Network (Pre).
[[0;32m  OK  [0m] Started ifup for enp0s3.
         Starting Raise network interfaces...
[[0;32m  OK  [0m] Started Raise network interfaces.
         Starting Initial cloud-init job (metadata service crawler)...
[[0;32m  OK  [0m] Reached target Network.
[   28.040658] cloud-init[980]: Cloud-init v. 17.1 running 'init' at Tue, 06 Feb 2018 06:11:37 +0000. Up 27.82 seconds.
[   28.077954] cloud-init[980]: ci-info: +++++++++++++++++++++++++++++++++++++Net device info++++++++++++++++++++++++++++++++++++++
[   28.095186] cloud-init[980]: ci-info: +--------+------+----------------------------+---------------+-------+-------------------+
[[0;32m  OK  [0m] Started Initial cloud-init job (metadata service crawler).
[[   28.119135] cloud-init[980]: ci-info: | Device |  Up  |          Address           |      Mask     | Scope |     Hw-Address    |
[   28.230142] cloud-init[980]: ci-info: +--------+------+----------------------------+---------------+-------+-------------------+
[0;32m  OK  [0m] Reached target Cloud-config availability.
[[   28.230203] cloud-init[980]: ci-info: | enp0s3 | True |         10.0.2.15          | 255.255.255.0 |   .   | 02:1f:2a:60:99:e3 |
[   28.468059] cloud-init[980]: ci-info: | enp0s3 | True | fe80::1f:2aff:fe60:99e3/64 |       .       |  link | 02:1f:2a:60:99:e3 |
[   28.468181] cloud-init[980]: ci-info: |   lo   | True |         127.0.0.1          |   255.0.0.0   |   .   |         .         |
[   28.468356] cloud-init[980]: ci-info: |   lo   | True |          ::1/128           |       .       |  host |         .         |
[   28.468443] cloud-init[980]: ci-info: +--------+------+----------------------------+---------------+-------+-------------------+
[   28.468532] cloud-init[980]: ci-info: +++++++++++++++++++++++++++Route IPv4 info++++++++++++++++++++++++++++
[0;32m  OK  [0m] Reached target Network is Online.
[   28.468629] cloud-init[980]: ci-info: +-------+-------------+----------+---------------+-----------+-------+
[   29.014668] cloud-init[980]: ci-info: | Route | Destination | Gateway  |    Genmask    | Interface | Flags |
[   29.014869] cloud-init[980]: ci-info: +-------+-------------+----------+---------------+-----------+-------+
         Starting iSCSI initiator daemon (iscsid)...
[   29.014953] cloud-init[980]: ci-info: |   0   |   0.0.0.0   | 10.0.2.2 |    0.0.0.0    |   enp0s3  |   UG  |
[   29.188810] cloud-init[980]: ci-info: |   1   |   10.0.2.0  | 0.0.0.0  | 255.255.255.0 |   enp0s3  |   U   |
[[0;32m  OK  [0m] Reached target System Initialization.
[   29.188863] cloud-init[980]: ci-info: +-------+-------------+----------+---------------+-----------+-------+
[[0;32m  OK  [0m] Started ACPI Events Check.
[[0;32m  OK  [0m] Reached target Paths.
[[0;32m  OK  [0m] Listening on D-Bus System Message Bus Socket.
         Starting Socket activation for snappy daemon.
[[0;32m  OK  [0m] Listening on UUID daemon activation socket.
[[0;32m  OK  [0m] Started Timer to automatically refresh installed snaps.
         Starting LXD - unix socket.
[[0;32m  OK  [0m] Started Daily Cleanup of Temporary Directories.
[[0;32m  OK  [0m] Started Daily apt download activities.
[[0;32m  OK  [0m] Started Daily apt upgrade and clean activities.
[[0;32m  OK  [0m] Reached target Timers.
[[0;32m  OK  [0m] Listening on ACPID Listen Socket.
[[0;32m  OK  [0m] Listening on Socket activation for snappy daemon.
[[0;32m  OK  [0m] Listening on LXD - unix socket.
[[0;32m  OK  [0m] Started iSCSI initiator daemon (iscsid).
         Starting Login to default iSCSI targets...
[[0;32m  OK  [0m] Reached target Sockets.
[[0;32m  OK  [0m] Reached target Basic System.
         Starting OpenBSD Secure Shell server...
         Starting LSB: Record successful boot for GRUB...
         Starting vboxadd.service...
         Starting Login Service...
[[0;32m  OK  [0m] Started D-Bus System Message Bus.
         Starting /etc/rc.local Compatibility...
         Starting LXD - container startup/shutdown...
         Starting Accounts Service...
[[0;32m  OK  [0m] Started Regular background program processing daemon.
[[0;32m  OK  [0m] Started Unattended Upgrades Shutdown.
         Starting System Logging Service...
[[0;32m  OK  [0m] Started ACPI event daemon.
[[0;32m  OK  [0m] Started FUSE filesystem for LXC.
[[0;32m  OK  [0m] Started Deferred execution scheduler.
         Starting Daily apt upgrade and clean activities...
         Starting PostgreSQL Cluster 10-main...
         Starting LSB: MD monitoring daemon...
         Starting Apply the settings specified in cloud-config...
         Starting Snappy daemon...
[[0;32m  OK  [0m] Started OpenBSD Secure Shell server.
[[0;32m  OK  [0m] Started System Logging Service.
[[0;32m  OK  [0m] Started vboxadd.service.
[[0;32m  OK  [0m] Started /etc/rc.local Compatibility.
[[0;32m  OK  [0m] Started LXD - container startup/shutdown.
[[0;32m  OK  [0m] Started LSB: Record successful boot for GRUB.
[[0;32m  OK  [0m] Started Snappy daemon.
[[0;32m  OK  [0m] Started Login to default iSCSI targets.
[[0;32m  OK  [0m] Started LSB: MD monitoring daemon.
[[0;32m  OK  [0m] Started Login Service.
         Starting Authenticate and Authorize Users to Run Privileged Tasks...
[[0;32m  OK  [0m] Reached target Remote File Systems (Pre).
[[0;32m  OK  [0m] Reached target Remote File Systems.
         Starting Permit User Sessions...
         Starting LSB: automatic crash report generation...
         Starting LSB: daemon to balance interrupts for SMP systems...
         Starting LSB: Start/stop sysstat's sadc...
         Starting LSB: Set the CPU Frequency Scaling governor to "ondemand"...
         Starting vboxadd-service.service...
[[0;32m  OK  [0m] Started Permit User Sessions.
[[0;32m  OK  [0m] Started Authenticate and Authorize Users to Run Privileged Tasks.
[[0;32m  OK  [0m] Started Accounts Service.
[[0;32m  OK  [0m] Started vboxadd-service.service.
         Starting Hold until boot process finishes up...
         Starting Terminate Plymouth Boot Screen...
[[0;32m  OK  [0m] Started LSB: daemon to balance interrupts for SMP systems.
[[0;32m  OK  [0m] Started LSB: automatic crash report generation.
[[0;32m  OK  [0m] Started LSB: Start/stop sysstat's sadc.
[[0;32m  OK  [0m] Started LSB: Set the CPU Frequency Scaling governor to "ondemand".
[[0;32m  OK  [0m] Started Hold until boot process finishes up.
[[0;32m  OK  [0m] Started Terminate Plymouth Boot Screen.
[[0;32m  OK  [0m] Started Getty on tty1.
         Starting Set console scheme...
[[0;32m  OK  [0m] Started Serial Getty on ttyS0.
[[0;32m  OK  [0m] Reached target Login Prompts.
[[0;32m  OK  [0m] Started Set console scheme.
[   31.100565] cloud-init[1125]: Cloud-init v. 17.1 running 'modules:config' at Tue, 06 Feb 2018 06:11:40 +0000. Up 30.97 seconds.
[[0;32m  OK  [0m] Started Apply the settings specified in cloud-config.
[[0;32m  OK  [0m] Started PostgreSQL Cluster 10-main.
         Starting PostgreSQL RDBMS...
[[0;32m  OK  [0m] Started PostgreSQL RDBMS.
[[0;32m  OK  [0m] Reached target Multi-User System.
         Starting Execute cloud user/final scripts...
[[0;32m  OK  [0m] Reached target Graphical Interface.
         Starting Update UTMP about System Runlevel Changes...
[[0;32m  OK  [0m] Started Update UTMP about System Runlevel Changes.
[   33.614805] cloud-init[1295]: Cloud-init v. 17.1 running 'modules:final' at Tue, 06 Feb 2018 06:11:43 +0000. Up 33.52 seconds.
[   33.623953] cloud-init[1295]: Cloud-init v. 17.1 finished at Tue, 06 Feb 2018 06:11:43 +0000. Datasource DataSourceNoCloud [seed=/dev/sdb][dsmode=net].  Up 33.61 seconds
[[0;32m  OK  [0m] Started Execute cloud user/final scripts.
[[0;32m  OK  [0m] Reached target Cloud-init target.
[[0;32m  OK  [0m] Created slice User Slice of vagrant.
         Starting User Manager for UID 1000...
[[0;32m  OK  [0m] Started Session 1 of user vagrant.
[[0;32m  OK  [0m] Started User Manager for UID 1000.

Ubuntu 16.04.3 LTS ubuntu-xenial ttyS0

ubuntu-xenial login: [[0;32m  OK  [0m] Started ACPI event daemon.
[[0;32m  OK  [0m] Started ACPI event daemon.
[[0;32m  OK  [0m] Started ACPI event daemon.
[  OK  ] Started ACPI event daemon.
[  OK  ] Started Trigger resolvconf update for networkd DNS.
[  OK  ] Started ACPI event daemon.
[  OK  ] Started ACPI event daemon.
         Stopping udev Kernel Device Manager...
[  OK  ] Stopped udev Kernel Device Manager.
[  OK  ] Started ACPI event daemon.
[  OK  ] Started ACPI event daemon.
[  OK  ] Stopped udev Kernel Device Manager.
         Starting udev Kernel Device Manager...
[  OK  ] Started udev Kernel Device Manager.
         Starting Daily apt download activities...
[  OK  ] Started ACPI event daemon.
[  OK  ] Created slice User Slice of vagrant.
         Starting User Manager for UID 1000...
[  OK  ] Started Session 2 of user vagrant.
[  OK  ] Started User Manager for UID 1000.
[  OK  ] Started Daily apt upgrade and clean activities.
[  OK  ] Started Daily apt download activities.
